// Jest Snapshot v1, https://goo.gl/fbAQLP

exports[`matches snapshot 1`] = `
<button
  className="cusButton"
  data-testid="cusButtonTest"
  onClick={[Function]}
  type="button"
>
  Test
</button>
`;
